a@2014-04-01.yang:22: error: CHK_BASE_TYPE_CHANGED
