e.yang:14: warning: UNUSED_TYPEDEF
e.yang:17: warning: UNUSED_GROUPING
e.yang:63: error: INVALID_CONFIG
e.yang:69: error: BAD_NODE_IN_AUGMENT
e.yang:76: error: BAD_NODE_IN_AUGMENT
e.yang:82: error: NODE_NOT_FOUND
e.yang:100: error: PREFIX_NOT_DEFINED
