d.yang:31: error: DUPLICATE_CHILD_NAME
d.yang:35: error: DUPLICATE_CHILD_NAME
d.yang:39: error: DUPLICATE_CHILD_NAME
d.yang:45: error: DUPLICATE_CHILD_NAME
d.yang:48: error: DUPLICATE_CHILD_NAME
d.yang:51: error: DUPLICATE_CHILD_NAME
d.yang:53: error: TYPE_VALUE
d.yang:55: error: MULTIPLE_REFINE
d.yang:59: error: DUPLICATE_CHILD_NAME
d.yang:62: error: DEFAULT_AND_MANDATORY
